com/xats/automation/tests/pages/candidate/SubmitCandidatePage.class
com/xats/automation/tests/base/BaseTest.class
com/xats/automation/tests/stepdefinitions/settings/UserAssignmentSteps.class
com/xats/automation/tests/stepdefinitions/client/ClientSteps.class
com/xats/automation/tests/stepdefinitions/candidate/CandidateSteps.class
com/xats/automation/tests/pages/job/JobEditPage.class
com/xats/automation/tests/config/ConfigReader.class
com/xats/automation/tests/pages/auth/ForgotPasswordPage.class
com/xats/automation/tests/pages/client/ClientPage.class
com/xats/automation/tests/Hooks/Hooks.class
com/xats/automation/tests/pages/settings/RolesPage.class
com/xats/automation/tests/factory/DriverFactory.class
com/xats/automation/tests/pages/candidate/SubmissionEngagementPage.class
com/xats/automation/tests/pages/job/JobBulkUploadPage.class
com/xats/automation/tests/pages/auth/SignUpPage.class
com/xats/automation/tests/pages/job/JobCreationPage.class
com/xats/automation/tests/utils/TestDataReader.class
com/xats/automation/tests/pages/candidate/CandidateInDetailViewPage.class
com/xats/automation/tests/pages/candidate/ResumeParsingPage.class
com/xats/automation/tests/pages/settings/PermissionGroupsPage.class
com/xats/automation/tests/stepdefinitions/settings/RolesSteps.class
com/xats/automation/tests/pages/client/ContactPage.class
com/xats/automation/tests/pages/auth/LoginPage.class
com/xats/automation/tests/pages/client/ClientInDetailPage.class
com/xats/automation/tests/stepdefinitions/auth/AuthSteps.class
com/xats/automation/tests/pages/candidate/CandidateCreationPage.class
com/xats/automation/tests/runner/TestRunner.class
com/xats/automation/tests/pages/candidate/CandidateEditPage.class
com/xats/automation/tests/stepdefinitions/settings/PermissionGroupsSteps.class
com/xats/automation/tests/stepdefinitions/client/ClientBulkUploadSteps.class
com/xats/automation/tests/stepdefinitions/job/JobSteps.class
com/xats/automation/tests/pages/client/ClientEditPage.class
com/xats/automation/tests/stepdefinitions/job/JobBulkUploadSteps.class
com/xats/automation/tests/pages/job/JobInDetailViewPage.class
com/xats/automation/tests/pages/client/ClientBulkUploadPage.class
com/xats/automation/tests/stepdefinitions/candidate/SubmissionEngagementSteps.class
com/xats/automation/tests/pages/settings/UserAssignmentPage.class
com/xats/automation/tests/stepdefinitions/job/InterviewPipelineSteps.class
