com/xats/automation/tests/base/BaseTest.class
com/xats/automation/tests/pages/CandidateInDetailViewPage.class
com/xats/automation/tests/stepdefinitions/JobInDetailViewSteps.class
com/xats/automation/tests/pages/JobCreationPage.class
com/xats/automation/tests/pages/CandidateCreationPage.class
com/xats/automation/tests/config/ConfigReader.class
com/xats/automation/tests/stepdefinitions/ContactSteps.class
com/xats/automation/tests/pages/ContactPage.class
com/xats/automation/tests/stepdefinitions/ClientSteps.class
com/xats/automation/tests/stepdefinitions/JobCreationSteps.class
com/xats/automation/tests/pages/JobInDetailViewPage.class
com/xats/automation/tests/runner/TestRunner.class
com/xats/automation/tests/pages/ClientPage.class
com/xats/automation/tests/pages/CandidateSubmissionPage.class
com/xats/automation/tests/stepdefinitions/CandidateSubmissionSteps.class
com/xats/automation/tests/stepdefinitions/CandidateCreationSteps.class
com/xats/automation/tests/Hooks/Hooks.class
com/xats/automation/tests/stepdefinitions/LoginSteps.class
com/xats/automation/tests/factory/DriverFactory.class
com/xats/automation/tests/stepdefinitions/CandidateInDetailViewSteps.class
com/xats/automation/tests/pages/LoginPage.class
com/xats/automation/tests/utils/TestDataReader.class
