/runner/_work/automation/automation/src/test/java/com/xats/automation/tests/stepdefinitions/ContactSteps.java
/runner/_work/automation/automation/src/test/java/com/xats/automation/tests/pages/CandidateSubmissionPage.java
/runner/_work/automation/automation/src/test/java/com/xats/automation/tests/utils/TestDataReader.java
/runner/_work/automation/automation/src/test/java/com/xats/automation/tests/config/ConfigReader.java
/runner/_work/automation/automation/src/test/java/com/xats/automation/tests/base/BaseTest.java
/runner/_work/automation/automation/src/test/java/com/xats/automation/tests/pages/CandidateCreationPage.java
/runner/_work/automation/automation/src/test/java/com/xats/automation/tests/runner/TestRunner.java
/runner/_work/automation/automation/src/test/java/com/xats/automation/tests/stepdefinitions/LoginSteps.java
/runner/_work/automation/automation/src/test/java/com/xats/automation/tests/pages/JobCreationPage.java
/runner/_work/automation/automation/src/test/java/com/xats/automation/tests/Hooks/Hooks.java
/runner/_work/automation/automation/src/test/java/com/xats/automation/tests/stepdefinitions/CandidateInDetailViewSteps.java
/runner/_work/automation/automation/src/test/java/com/xats/automation/tests/pages/ClientPage.java
/runner/_work/automation/automation/src/test/java/com/xats/automation/tests/stepdefinitions/ClientSteps.java
/runner/_work/automation/automation/src/test/java/com/xats/automation/tests/stepdefinitions/JobInDetailViewSteps.java
/runner/_work/automation/automation/src/test/java/com/xats/automation/tests/factory/DriverFactory.java
/runner/_work/automation/automation/src/test/java/com/xats/automation/tests/stepdefinitions/CandidateSubmissionSteps.java
/runner/_work/automation/automation/src/test/java/com/xats/automation/tests/stepdefinitions/CandidateCreationSteps.java
/runner/_work/automation/automation/src/test/java/com/xats/automation/tests/pages/JobInDetailViewPage.java
/runner/_work/automation/automation/src/test/java/com/xats/automation/tests/pages/LoginPage.java
/runner/_work/automation/automation/src/test/java/com/xats/automation/tests/pages/ContactPage.java
/runner/_work/automation/automation/src/test/java/com/xats/automation/tests/pages/CandidateInDetailViewPage.java
/runner/_work/automation/automation/src/test/java/com/xats/automation/tests/stepdefinitions/JobCreationSteps.java
